49.228.251.87 - - [30/Mar/2023:14:04:51 +0000] "GET /wp-content/themes/flatsome/assets/js/woocommerce.js?ver=a0349779516f2e7c5703074420d5e855 HTTP/1.1" 200 19437 "http://staging-woo.co/" "Mozilla/5.0 (Windows NT 10.0; Win64; x64) AppleWebKit/537.36 (KHTML, like Gecko) Chrome/111.0.0.0 Safari/537.36"
49.228.251.87 - - [30/Mar/2023:14:04:51 +0000] "GET /wp-content/plugins/elementor-pro/assets/lib/smartmenus/jquery.smartmenus.min.js?ver=1.0.1 HTTP/1.1" 200 25202 "http://staging-woo.co/" "Mozilla/5.0 (Windows NT 10.0; Win64; x64) AppleWebKit/537.36 (KHTML, like Gecko) Chrome/111.0.0.0 Safari/537.36"
49.228.251.87 - - [30/Mar/2023:14:04:51 +0000] "GET /wp-content/plugins/sales-countdown-timer/js/shortcode-script.js?ver=1.0.11 HTTP/1.1" 200 14736 "http://staging-woo.co/" "Mozilla/5.0 (Windows NT 10.0; Win64; x64) AppleWebKit/537.36 (KHTML, like Gecko) Chrome/111.0.0.0 Safari/537.36"
49.228.251.87 - - [30/Mar/2023:14:04:51 +0000] "GET /wp-includes/js/zxcvbn-async.min.js?ver=1.0 HTTP/1.1" 200 351 "http://staging-woo.co/" "Mozilla/5.0 (Windows NT 10.0; Win64; x64) AppleWebKit/537.36 (KHTML, like Gecko) Chrome/111.0.0.0 Safari/537.36"
49.228.251.87 - - [30/Mar/2023:14:04:51 +0000] "GET /wp-includes/js/dist/hooks.min.js?ver=4169d3cf8e8d95a3d6d5 HTTP/1.1" 200 4910 "http://staging-woo.co/" "Mozilla/5.0 (Windows NT 10.0; Win64; x64) AppleWebKit/537.36 (KHTML, like Gecko) Chrome/111.0.0.0 Safari/537.36"
49.228.251.87 - - [30/Mar/2023:14:04:51 +0000] "GET /wp-content/fonts/roboto/KFOlCnqEu92Fr1MmWUlfBBc-AMP6lQ.woff HTTP/1.1" 200 14420 "http://staging-woo.co/" "Mozilla/5.0 (Windows NT 10.0; Win64; x64) AppleWebKit/537.36 (KHTML, like Gecko) Chrome/111.0.0.0 Safari/537.36"
49.228.251.87 - - [30/Mar/2023:14:04:51 +0000] "GET /wp-content/themes/flatsome/assets/css/icons/fl-icons.woff2?v=3.16.5 HTTP/1.1" 200 7068 "http://staging-woo.co/" "Mozilla/5.0 (Windows NT 10.0; Win64; x64) AppleWebKit/537.36 (KHTML, like Gecko) Chrome/111.0.0.0 Safari/537.36"
49.228.251.87 - - [30/Mar/2023:14:04:51 +0000] "GET /wp-content/fonts/roboto/KFOmCnqEu92Fr1Mu4mxMKTU1Kg.woff HTTP/1.1" 200 14384 "http://staging-woo.co/" "Mozilla/5.0 (Windows NT 10.0; Win64; x64) AppleWebKit/537.36 (KHTML, like Gecko) Chrome/111.0.0.0 Safari/537.36"
49.228.251.87 - - [30/Mar/2023:14:04:51 +0000] "GET /wp-content/plugins/elementor/assets/lib/font-awesome/webfonts/fa-solid-900.woff2 HTTP/1.1" 200 78196 "http://staging-woo.co/wp-content/plugins/elementor/assets/lib/font-awesome/css/solid.min.css?ver=5.15.3" "Mozilla/5.0 (Windows NT 10.0; Win64; x64) AppleWebKit/537.36 (KHTML, like Gecko) Chrome/111.0.0.0 Safari/537.36"
49.228.251.87 - - [30/Mar/2023:14:04:51 +0000] "GET /wp-content/plugins/elementor/assets/lib/eicons/fonts/eicons.woff2?5.17.0 HTTP/1.1" 200 93444 "http://staging-woo.co/wp-content/plugins/elementor/assets/lib/eicons/css/elementor-icons.min.css?ver=5.17.0" "Mozilla/5.0 (Windows NT 10.0; Win64; x64) AppleWebKit/537.36 (KHTML, like Gecko) Chrome/111.0.0.0 Safari/537.36"
49.228.251.87 - - [30/Mar/2023:14:04:51 +0000] "GET /wp-includes/js/dist/i18n.min.js?ver=9e794f35a71bb98672ae HTTP/1.1" 200 10230 "http://staging-woo.co/" "Mozilla/5.0 (Windows NT 10.0; Win64; x64) AppleWebKit/537.36 (KHTML, like Gecko) Chrome/111.0.0.0 Safari/537.36"
49.228.251.87 - - [30/Mar/2023:14:04:51 +0000] "GET /wp-content/plugins/elementor-pro/assets/js/webpack-pro.runtime.min.js?ver=3.10.3 HTTP/1.1" 200 5359 "http://staging-woo.co/" "Mozilla/5.0 (Windows NT 10.0; Win64; x64) AppleWebKit/537.36 (KHTML, like Gecko) Chrome/111.0.0.0 Safari/537.36"
49.228.251.87 - - [30/Mar/2023:14:04:51 +0000] "GET /wp-admin/js/password-strength-meter.min.js?ver=6.1.1 HTTP/1.1" 200 1123 "http://staging-woo.co/" "Mozilla/5.0 (Windows NT 10.0; Win64; x64) AppleWebKit/537.36 (KHTML, like Gecko) Chrome/111.0.0.0 Safari/537.36"
49.228.251.87 - - [30/Mar/2023:14:04:51 +0000] "GET /wp-content/plugins/woocommerce/assets/js/frontend/password-strength-meter.min.js?ver=7.3.0 HTTP/1.1" 200 2020 "http://staging-woo.co/" "Mozilla/5.0 (Windows NT 10.0; Win64; x64) AppleWebKit/537.36 (KHTML, like Gecko) Chrome/111.0.0.0 Safari/537.36"
49.228.251.87 - - [30/Mar/2023:14:04:51 +0000] "GET /wp-content/plugins/elementor/assets/js/webpack.runtime.min.js?ver=3.10.2 HTTP/1.1" 200 5014 "http://staging-woo.co/" "Mozilla/5.0 (Windows NT 10.0; Win64; x64) AppleWebKit/537.36 (KHTML, like Gecko) Chrome/111.0.0.0 Safari/537.36"
49.228.251.87 - - [30/Mar/2023:14:04:51 +0000] "GET /wp-content/plugins/elementor/assets/js/frontend-modules.min.js?ver=3.10.2 HTTP/1.1" 200 35870 "http://staging-woo.co/" "Mozilla/5.0 (Windows NT 10.0; Win64; x64) AppleWebKit/537.36 (KHTML, like Gecko) Chrome/111.0.0.0 Safari/537.36"
49.228.251.87 - - [30/Mar/2023:14:04:51 +0000] "GET /wp-content/plugins/elementor-pro/assets/js/frontend.min.js?ver=3.10.3 HTTP/1.1" 200 21564 "http://staging-woo.co/" "Mozilla/5.0 (Windows NT 10.0; Win64; x64) AppleWebKit/537.36 (KHTML, like Gecko) Chrome/111.0.0.0 Safari/537.36"
49.228.251.87 - - [30/Mar/2023:14:04:51 +0000] "GET /wp-content/plugins/elementor/assets/lib/waypoints/waypoints.min.js?ver=4.0.2 HTTP/1.1" 200 12198 "http://staging-woo.co/" "Mozilla/5.0 (Windows NT 10.0; Win64; x64) AppleWebKit/537.36 (KHTML, like Gecko) Chrome/111.0.0.0 Safari/537.36"
49.228.251.87 - - [30/Mar/2023:14:04:51 +0000] "GET /wp-includes/js/jquery/ui/core.min.js?ver=1.13.2 HTTP/1.1" 200 21440 "http://staging-woo.co/" "Mozilla/5.0 (Windows NT 10.0; Win64; x64) AppleWebKit/537.36 (KHTML, like Gecko) Chrome/111.0.0.0 Safari/537.36"
49.228.251.87 - - [30/Mar/2023:14:04:51 +0000] "GET /wp-content/plugins/elementor/assets/js/frontend.min.js?ver=3.10.2 HTTP/1.1" 200 40842 "http://staging-woo.co/" "Mozilla/5.0 (Windows NT 10.0; Win64; x64) AppleWebKit/537.36 (KHTML, like Gecko) Chrome/111.0.0.0 Safari/537.36"
49.228.251.87 - - [30/Mar/2023:14:04:51 +0000] "GET /wp-content/plugins/elementor-pro/assets/js/elements-handlers.min.js?ver=3.10.3 HTTP/1.1" 200 27461 "http://staging-woo.co/" "Mozilla/5.0 (Windows NT 10.0; Win64; x64) AppleWebKit/537.36 (KHTML, like Gecko) Chrome/111.0.0.0 Safari/537.36"
49.228.251.87 - - [30/Mar/2023:14:04:51 +0000] "GET /wp-includes/js/wp-emoji-release.min.js?ver=6.1.1 HTTP/1.1" 200 18617 "http://staging-woo.co/" "Mozilla/5.0 (Windows NT 10.0; Win64; x64) AppleWebKit/537.36 (KHTML, like Gecko) Chrome/111.0.0.0 Safari/537.36"
49.228.251.87 - - [30/Mar/2023:14:04:51 +0000] "GET /wp-content/plugins/customixplugins/assets/build/plugin-public.js?ver=1.0.0 HTTP/1.1" 200 407 "http://staging-woo.co/" "Mozilla/5.0 (Windows NT 10.0; Win64; x64) AppleWebKit/537.36 (KHTML, like Gecko) Chrome/111.0.0.0 Safari/537.36"
49.228.251.87 - - [30/Mar/2023:14:04:51 +0000] "GET /wp-content/plugins/shopee-express-tracking/assets/build/plugin-public.js?ver=1.0.0 HTTP/1.1" 200 407 "http://staging-woo.co/" "Mozilla/5.0 (Windows NT 10.0; Win64; x64) AppleWebKit/537.36 (KHTML, like Gecko) Chrome/111.0.0.0 Safari/537.36"
49.228.251.87 - - [30/Mar/2023:14:04:51 +0000] "GET /wp-content/themes/flatsome/assets/js/chunk.countup.js?ver=3.16.5 HTTP/1.1" 200 5448 "http://staging-woo.co/" "Mozilla/5.0 (Windows NT 10.0; Win64; x64) AppleWebKit/537.36 (KHTML, like Gecko) Chrome/111.0.0.0 Safari/537.36"
49.228.251.87 - - [30/Mar/2023:14:04:51 +0000] "GET /wp-content/themes/flatsome/assets/js/chunk.sticky-sidebar.js?ver=3.16.5 HTTP/1.1" 200 10850 "http://staging-woo.co/" "Mozilla/5.0 (Windows NT 10.0; Win64; x64) AppleWebKit/537.36 (KHTML, like Gecko) Chrome/111.0.0.0 Safari/537.36"
49.228.251.87 - - [30/Mar/2023:14:04:51 +0000] "GET /wp-content/themes/flatsome/assets/js/chunk.tooltips.js?ver=3.16.5 HTTP/1.1" 200 16876 "http://staging-woo.co/" "Mozilla/5.0 (Windows NT 10.0; Win64; x64) AppleWebKit/537.36 (KHTML, like Gecko) Chrome/111.0.0.0 Safari/537.36"
49.228.251.87 - - [30/Mar/2023:14:04:51 +0000] "GET /wp-content/themes/flatsome/assets/js/chunk.vendors-popups.js?ver=3.16.5 HTTP/1.1" 200 20237 "http://staging-woo.co/" "Mozilla/5.0 (Windows NT 10.0; Win64; x64) AppleWebKit/537.36 (KHTML, like Gecko) Chrome/111.0.0.0 Safari/537.36"
49.228.251.87 - - [30/Mar/2023:14:04:51 +0000] "GET /wp-content/themes/flatsome/assets/js/chunk.vendors-slider.js?ver=3.16.5 HTTP/1.1" 200 49588 "http://staging-woo.co/" "Mozilla/5.0 (Windows NT 10.0; Win64; x64) AppleWebKit/537.36 (KHTML, like Gecko) Chrome/111.0.0.0 Safari/537.36"
49.228.251.87 - - [30/Mar/2023:14:04:51 +0000] "GET /wp-content/plugins/elementor/assets/js/text-editor.2c35aafbe5bf0e127950.bundle.min.js HTTP/1.1" 200 1360 "http://staging-woo.co/" "Mozilla/5.0 (Windows NT 10.0; Win64; x64) AppleWebKit/537.36 (KHTML, like Gecko) Chrome/111.0.0.0 Safari/537.36"
49.228.251.87 - - [30/Mar/2023:14:04:51 +0000] "GET /wp-content/plugins/elementor-pro/assets/js/nav-menu.c8d112707fd7172d2a9d.bundle.min.js HTTP/1.1" 200 4175 "http://staging-woo.co/" "Mozilla/5.0 (Windows NT 10.0; Win64; x64) AppleWebKit/537.36 (KHTML, like Gecko) Chrome/111.0.0.0 Safari/537.36"
49.228.251.87 - - [30/Mar/2023:14:04:51 +0000] "GET /wp-content/plugins/elementor-pro/assets/js/search-form.a396372f407d3c16a0ef.bundle.min.js HTTP/1.1" 200 1913 "http://staging-woo.co/" "Mozilla/5.0 (Windows NT 10.0; Win64; x64) AppleWebKit/537.36 (KHTML, like Gecko) Chrome/111.0.0.0 Safari/537.36"
49.228.251.87 - - [30/Mar/2023:14:04:52 +0000] "GET /wp-includes/js/zxcvbn.min.js HTTP/1.1" 200 822237 "http://staging-woo.co/" "Mozilla/5.0 (Windows NT 10.0; Win64; x64) AppleWebKit/537.36 (KHTML, like Gecko) Chrome/111.0.0.0 Safari/537.36"
49.228.251.87 - - [30/Mar/2023:14:04:52 +0000] "POST /?wc-ajax=get_refreshed_fragments&elementor_page_id=1927 HTTP/1.1" 200 1756 "http://staging-woo.co/" "Mozilla/5.0 (Windows NT 10.0; Win64; x64) AppleWebKit/537.36 (KHTML, like Gecko) Chrome/111.0.0.0 Safari/537.36"
49.228.251.87 - - [30/Mar/2023:14:04:52 +0000] "GET /favicon.ico HTTP/1.1" 302 11 "http://staging-woo.co/" "Mozilla/5.0 (Windows NT 10.0; Win64; x64) AppleWebKit/537.36 (KHTML, like Gecko) Chrome/111.0.0.0 Safari/537.36"
49.228.251.87 - - [30/Mar/2023:14:04:52 +0000] "GET /wp-includes/images/w-logo-blue-white-bg.png HTTP/1.1" 200 4119 "http://staging-woo.co/" "Mozilla/5.0 (Windows NT 10.0; Win64; x64) AppleWebKit/537.36 (KHTML, like Gecko) Chrome/111.0.0.0 Safari/537.36"
49.228.251.87 - - [30/Mar/2023:14:04:58 +0000] "GET /wp-content/plugins/woocommerce-subscriptions/vendor/woocommerce/subscriptions-core/assets/css/checkout.css?ver=7.3.0 HTTP/1.1" 200 637 "http://staging-woo.co/product/2703/welcare-%e0%b8%9c%e0%b9%89%e0%b8%b2%e0%b8%a3%e0%b8%ad%e0%b8%87%e0%b8%81%e0%b8%b1%e0%b8%99%e0%b9%80%e0%b8%9b%e0%b8%b7%e0%b9%89%e0%b8%ad%e0%b8%99%e0%b8%97%e0%b8%b5%e0%b9%88%e0%b8%99%e0%b8%ad%e0%b8%99/" "Mozilla/5.0 (Windows NT 10.0; Win64; x64) AppleWebKit/537.36 (KHTML, like Gecko) Chrome/111.0.0.0 Safari/537.36"
49.228.251.87 - - [30/Mar/2023:14:04:58 +0000] "GET /wp-content/plugins/woocommerce/assets/css/select2.css?ver=7.3.0 HTTP/1.1" 200 14615 "http://staging-woo.co/product/2703/welcare-%e0%b8%9c%e0%b9%89%e0%b8%b2%e0%b8%a3%e0%b8%ad%e0%b8%87%e0%b8%81%e0%b8%b1%e0%b8%99%e0%b9%80%e0%b8%9b%e0%b8%b7%e0%b9%89%e0%b8%ad%e0%b8%99%e0%b8%97%e0%b8%b5%e0%b9%88%e0%b8%99%e0%b8%ad%e0%b8%99/" "Mozilla/5.0 (Windows NT 10.0; Win64; x64) AppleWebKit/537.36 (KHTML, like Gecko) Chrome/111.0.0.0 Safari/537.36"
49.228.251.87 - - [30/Mar/2023:14:04:58 +0000] "GET /wp-content/uploads/elementor/css/post-2838.css?ver=1680070260 HTTP/1.1" 200 9566 "http://staging-woo.co/product/2703/welcare-%e0%b8%9c%e0%b9%89%e0%b8%b2%e0%b8%a3%e0%b8%ad%e0%b8%87%e0%b8%81%e0%b8%b1%e0%b8%99%e0%b9%80%e0%b8%9b%e0%b8%b7%e0%b9%89%e0%b8%ad%e0%b8%99%e0%b8%97%e0%b8%b5%e0%b9%88%e0%b8%99%e0%b8%ad%e0%b8%99/" "Mozilla/5.0 (Windows NT 10.0; Win64; x64) AppleWebKit/537.36 (KHTML, like Gecko) Chrome/111.0.0.0 Safari/537.36"
49.228.251.87 - - [30/Mar/2023:14:04:58 +0000] "GET /wp-content/plugins/buy-now-woo/assets/css/buy-now-woo.css?ver=1.0.0 HTTP/1.1" 200 3619 "http://staging-woo.co/product/2703/welcare-%e0%b8%9c%e0%b9%89%e0%b8%b2%e0%b8%a3%e0%b8%ad%e0%b8%87%e0%b8%81%e0%b8%b1%e0%b8%99%e0%b9%80%e0%b8%9b%e0%b8%b7%e0%b9%89%e0%b8%ad%e0%b8%99%e0%b8%97%e0%b8%b5%e0%b9%88%e0%b8%99%e0%b8%ad%e0%b8%99/" "Mozilla/5.0 (Windows NT 10.0; Win64; x64) AppleWebKit/537.36 (KHTML, like Gecko) Chrome/111.0.0.0 Safari/537.36"
49.228.251.87 - - [30/Mar/2023:14:04:58 +0000] "GET /wp-content/plugins/woocommerce-gateway-stripe/assets/css/stripe-styles.css?ver=7.1.0 HTTP/1.1" 200 5984 "http://staging-woo.co/product/2703/welcare-%e0%b8%9c%e0%b9%89%e0%b8%b2%e0%b8%a3%e0%b8%ad%e0%b8%87%e0%b8%81%e0%b8%b1%e0%b8%99%e0%b9%80%e0%b8%9b%e0%b8%b7%e0%b9%89%e0%b8%ad%e0%b8%99%e0%b8%97%e0%b8%b5%e0%b9%88%e0%b8%99%e0%b8%ad%e0%b8%99/" "Mozilla/5.0 (Windows NT 10.0; Win64; x64) AppleWebKit/537.36 (KHTML, like Gecko) Chrome/111.0.0.0 Safari/537.36"
49.228.251.87 - - [30/Mar/2023:14:04:58 +0000] "GET /wp-content/plugins/woocommerce/assets/js/frontend/tokenization-form.min.js?ver=7.3.0 HTTP/1.1" 200 2262 "http://staging-woo.co/product/2703/welcare-%e0%b8%9c%e0%b9%89%e0%b8%b2%e0%b8%a3%e0%b8%ad%e0%b8%87%e0%b8%81%e0%b8%b1%e0%b8%99%e0%b9%80%e0%b8%9b%e0%b8%b7%e0%b9%89%e0%b8%ad%e0%b8%99%e0%b8%97%e0%b8%b5%e0%b9%88%e0%b8%99%e0%b8%ad%e0%b8%99/" "Mozilla/5.0 (Windows NT 10.0; Win64; x64) AppleWebKit/537.36 (KHTML, like Gecko) Chrome/111.0.0.0 Safari/537.36"
49.228.251.87 - - [30/Mar/2023:14:04:58 +0000] "GET /wp-content/plugins/woocommerce-gateway-stripe/assets/js/jquery.mask.min.js?ver=7.1.0 HTTP/1.1" 200 7093 "http://staging-woo.co/product/2703/welcare-%e0%b8%9c%e0%b9%89%e0%b8%b2%e0%b8%a3%e0%b8%ad%e0%b8%87%e0%b8%81%e0%b8%b1%e0%b8%99%e0%b9%80%e0%b8%9b%e0%b8%b7%e0%b9%89%e0%b8%ad%e0%b8%99%e0%b8%97%e0%b8%b5%e0%b9%88%e0%b8%99%e0%b8%ad%e0%b8%99/" "Mozilla/5.0 (Windows NT 10.0; Win64; x64) AppleWebKit/537.36 (KHTML, like Gecko) Chrome/111.0.0.0 Safari/537.36"
49.228.251.87 - - [30/Mar/2023:14:04:58 +0000] "GET /product/2703/welcare-%e0%b8%9c%e0%b9%89%e0%b8%b2%e0%b8%a3%e0%b8%ad%e0%b8%87%e0%b8%81%e0%b8%b1%e0%b8%99%e0%b9%80%e0%b8%9b%e0%b8%b7%e0%b9%89%e0%b8%ad%e0%b8%99%e0%b8%97%e0%b8%b5%e0%b9%88%e0%b8%99%e0%b8%ad%e0%b8%99/ HTTP/1.1" 200 264480 "http://staging-woo.co/" "Mozilla/5.0 (Windows NT 10.0; Win64; x64) AppleWebKit/537.36 (KHTML, like Gecko) Chrome/111.0.0.0 Safari/537.36"
49.228.251.87 - - [30/Mar/2023:14:04:58 +0000] "GET /wp-content/plugins/woocommerce-subscriptions/vendor/woocommerce/subscriptions-core/assets/js/frontend/wcs-cart.js?ver=5.3.1 HTTP/1.1" 200 805 "http://staging-woo.co/product/2703/welcare-%e0%b8%9c%e0%b9%89%e0%b8%b2%e0%b8%a3%e0%b8%ad%e0%b8%87%e0%b8%81%e0%b8%b1%e0%b8%99%e0%b9%80%e0%b8%9b%e0%b8%b7%e0%b9%89%e0%b8%ad%e0%b8%99%e0%b8%97%e0%b8%b5%e0%b9%88%e0%b8%99%e0%b8%ad%e0%b8%99/" "Mozilla/5.0 (Windows NT 10.0; Win64; x64) AppleWebKit/537.36 (KHTML, like Gecko) Chrome/111.0.0.0 Safari/537.36"
49.228.251.87 - - [30/Mar/2023:14:04:58 +0000] "GET /wp-content/plugins/woocommerce/assets/js/selectWoo/selectWoo.full.min.js?ver=1.0.9-wc.7.3.0 HTTP/1.1" 200 77052 "http://staging-woo.co/product/2703/welcare-%e0%b8%9c%e0%b9%89%e0%b8%b2%e0%b8%a3%e0%b8%ad%e0%b8%87%e0%b8%81%e0%b8%b1%e0%b8%99%e0%b9%80%e0%b8%9b%e0%b8%b7%e0%b9%89%e0%b8%ad%e0%b8%99%e0%b8%97%e0%b8%b5%e0%b9%88%e0%b8%99%e0%b8%ad%e0%b8%99/" "Mozilla/5.0 (Windows NT 10.0; Win64; x64) AppleWebKit/537.36 (KHTML, like Gecko) Chrome/111.0.0.0 Safari/537.36"
49.228.251.87 - - [30/Mar/2023:14:04:58 +0000] "GET /wp-content/plugins/woocommerce/assets/js/frontend/country-select.min.js?ver=7.3.0 HTTP/1.1" 200 3318 "http://staging-woo.co/product/2703/welcare-%e0%b8%9c%e0%b9%89%e0%b8%b2%e0%b8%a3%e0%b8%ad%e0%b8%87%e0%b8%81%e0%b8%b1%e0%b8%99%e0%b9%80%e0%b8%9b%e0%b8%b7%e0%b9%89%e0%b8%ad%e0%b8%99%e0%b8%97%e0%b8%b5%e0%b9%88%e0%b8%99%e0%b8%ad%e0%b8%99/" "Mozilla/5.0 (Windows NT 10.0; Win64; x64) AppleWebKit/537.36 (KHTML, like Gecko) Chrome/111.0.0.0 Safari/537.36"
49.228.251.87 - - [30/Mar/2023:14:04:58 +0000] "GET /wp-content/plugins/woocommerce/assets/js/frontend/checkout.min.js?ver=7.3.0 HTTP/1.1" 200 14484 "http://staging-woo.co/product/2703/welcare-%e0%b8%9c%e0%b9%89%e0%b8%b2%e0%b8%a3%e0%b8%ad%e0%b8%87%e0%b8%81%e0%b8%b1%e0%b8%99%e0%b9%80%e0%b8%9b%e0%b8%b7%e0%b9%89%e0%b8%ad%e0%b8%99%e0%b8%97%e0%b8%b5%e0%b9%88%e0%b8%99%e0%b8%ad%e0%b8%99/" "Mozilla/5.0 (Windows NT 10.0; Win64; x64) AppleWebKit/537.36 (KHTML, like Gecko) Chrome/111.0.0.0 Safari/537.36"
49.228.251.87 - - [30/Mar/2023:14:04:58 +0000] "GET /wp-content/plugins/woocommerce/assets/js/frontend/single-product.min.js?ver=7.3.0 HTTP/1.1" 200 6241 "http://staging-woo.co/product/2703/welcare-%e0%b8%9c%e0%b9%89%e0%b8%b2%e0%b8%a3%e0%b8%ad%e0%b8%87%e0%b8%81%e0%b8%b1%e0%b8%99%e0%b9%80%e0%b8%9b%e0%b8%b7%e0%b9%89%e0%b8%ad%e0%b8%99%e0%b8%97%e0%b8%b5%e0%b9%88%e0%b8%99%e0%b8%ad%e0%b8%99/" "Mozilla/5.0 (Windows NT 10.0; Win64; x64) AppleWebKit/537.36 (KHTML, like Gecko) Chrome/111.0.0.0 Safari/537.36"
49.228.251.87 - - [30/Mar/2023:14:04:58 +0000] "GET /wp-content/plugins/woocommerce/assets/js/frontend/address-i18n.min.js?ver=7.3.0 HTTP/1.1" 200 2642 "http://staging-woo.co/product/2703/welcare-%e0%b8%9c%e0%b9%89%e0%b8%b2%e0%b8%a3%e0%b8%ad%e0%b8%87%e0%b8%81%e0%b8%b1%e0%b8%99%e0%b9%80%e0%b8%9b%e0%b8%b7%e0%b9%89%e0%b8%ad%e0%b8%99%e0%b8%97%e0%b8%b5%e0%b9%88%e0%b8%99%e0%b8%ad%e0%b8%99/" "Mozilla/5.0 (Windows NT 10.0; Win64; x64) AppleWebKit/537.36 (KHTML, like Gecko) Chrome/111.0.0.0 Safari/537.36"
49.228.251.87 - - [30/Mar/2023:14:04:58 +0000] "GET /wp-content/plugins/woocommerce-gateway-stripe/assets/js/stripe.min.js?ver=7.1.0 HTTP/1.1" 200 14560 "http://staging-woo.co/product/2703/welcare-%e0%b8%9c%e0%b9%89%e0%b8%b2%e0%b8%a3%e0%b8%ad%e0%b8%87%e0%b8%81%e0%b8%b1%e0%b8%99%e0%b9%80%e0%b8%9b%e0%b8%b7%e0%b9%89%e0%b8%ad%e0%b8%99%e0%b8%97%e0%b8%b5%e0%b9%88%e0%b8%99%e0%b8%ad%e0%b8%99/" "Mozilla/5.0 (Windows NT 10.0; Win64; x64) AppleWebKit/537.36 (KHTML, like Gecko) Chrome/111.0.0.0 Safari/537.36"
49.228.251.87 - - [30/Mar/2023:14:04:58 +0000] "GET /wp-content/plugins/woocommerce/assets/js/jquery-payment/jquery.payment.min.js?ver=3.0.0-wc.7.3.0 HTTP/1.1" 200 8277 "http://staging-woo.co/product/2703/welcare-%e0%b8%9c%e0%b9%89%e0%b8%b2%e0%b8%a3%e0%b8%ad%e0%b8%87%e0%b8%81%e0%b8%b1%e0%b8%99%e0%b9%80%e0%b8%9b%e0%b8%b7%e0%b9%89%e0%b8%ad%e0%b8%99%e0%b8%97%e0%b8%b5%e0%b9%88%e0%b8%99%e0%b8%ad%e0%b8%99/" "Mozilla/5.0 (Windows NT 10.0; Win64; x64) AppleWebKit/537.36 (KHTML, like Gecko) Chrome/111.0.0.0 Safari/537.36"
49.228.251.87 - - [30/Mar/2023:14:04:58 +0000] "GET /wp-content/plugins/buy-now-woo/assets/js/buy-now-woo.js?ver=1.0.0 HTTP/1.1" 200 38211 "http://staging-woo.co/product/2703/welcare-%e0%b8%9c%e0%b9%89%e0%b8%b2%e0%b8%a3%e0%b8%ad%e0%b8%87%e0%b8%81%e0%b8%b1%e0%b8%99%e0%b9%80%e0%b8%9b%e0%b8%b7%e0%b9%89%e0%b8%ad%e0%b8%99%e0%b8%97%e0%b8%b5%e0%b9%88%e0%b8%99%e0%b8%ad%e0%b8%99/" "Mozilla/5.0 (Windows NT 10.0; Win64; x64) AppleWebKit/537.36 (KHTML, like Gecko) Chrome/111.0.0.0 Safari/537.36"
49.228.251.87 - - [30/Mar/2023:14:04:58 +0000] "GET /wp-includes/js/comment-reply.min.js?ver=6.1.1 HTTP/1.1" 200 2981 "http://staging-woo.co/product/2703/welcare-%e0%b8%9c%e0%b9%89%e0%b8%b2%e0%b8%a3%e0%b8%ad%e0%b8%87%e0%b8%81%e0%b8%b1%e0%b8%99%e0%b9%80%e0%b8%9b%e0%b8%b7%e0%b9%89%e0%b8%ad%e0%b8%99%e0%b8%97%e0%b8%b5%e0%b9%88%e0%b8%99%e0%b8%ad%e0%b8%99/" "Mozilla/5.0 (Windows NT 10.0; Win64; x64) AppleWebKit/537.36 (KHTML, like Gecko) Chrome/111.0.0.0 Safari/537.36"
49.228.251.87 - - [30/Mar/2023:14:04:58 +0000] "GET /wp-includes/js/underscore.min.js?ver=1.13.4 HTTP/1.1" 200 18833 "http://staging-woo.co/product/2703/welcare-%e0%b8%9c%e0%b9%89%e0%b8%b2%e0%b8%a3%e0%b8%ad%e0%b8%87%e0%b8%81%e0%b8%b1%e0%b8%99%e0%b9%80%e0%b8%9b%e0%b8%b7%e0%b9%89%e0%b8%ad%e0%b8%99%e0%b8%97%e0%b8%b5%e0%b9%88%e0%b8%99%e0%b8%ad%e0%b8%99/" "Mozilla/5.0 (Windows NT 10.0; Win64; x64) AppleWebKit/537.36 (KHTML, like Gecko) Chrome/111.0.0.0 Safari/537.36"
49.228.251.87 - - [30/Mar/2023:14:04:58 +0000] "GET /wp-includes/js/wp-util.min.js?ver=6.1.1 HTTP/1.1" 200 1426 "http://staging-woo.co/product/2703/welcare-%e0%b8%9c%e0%b9%89%e0%b8%b2%e0%b8%a3%e0%b8%ad%e0%b8%87%e0%b8%81%e0%b8%b1%e0%b8%99%e0%b9%80%e0%b8%9b%e0%b8%b7%e0%b9%89%e0%b8%ad%e0%b8%99%e0%b8%97%e0%b8%b5%e0%b9%88%e0%b8%99%e0%b8%ad%e0%b8%99/" "Mozilla/5.0 (Windows NT 10.0; Win64; x64) AppleWebKit/537.36 (KHTML, like Gecko) Chrome/111.0.0.0 Safari/537.36"
49.228.251.87 - - [30/Mar/2023:14:04:58 +0000] "GET /wp-content/plugins/woocommerce/assets/js/frontend/add-to-cart-variation.min.js?ver=7.3.0 HTTP/1.1" 200 13880 "http://staging-woo.co/product/2703/welcare-%e0%b8%9c%e0%b9%89%e0%b8%b2%e0%b8%a3%e0%b8%ad%e0%b8%87%e0%b8%81%e0%b8%b1%e0%b8%99%e0%b9%80%e0%b8%9b%e0%b8%b7%e0%b9%89%e0%b8%ad%e0%b8%99%e0%b8%97%e0%b8%b5%e0%b9%88%e0%b8%99%e0%b8%ad%e0%b8%99/" "Mozilla/5.0 (Windows NT 10.0; Win64; x64) AppleWebKit/537.36 (KHTML, like Gecko) Chrome/111.0.0.0 Safari/537.36"
49.228.251.87 - - [30/Mar/2023:14:04:58 +0000] "GET /wp-includes/js/backbone.min.js?ver=1.4.1 HTTP/1.1" 200 23848 "http://staging-woo.co/product/2703/welcare-%e0%b8%9c%e0%b9%89%e0%b8%b2%e0%b8%a3%e0%b8%ad%e0%b8%87%e0%b8%81%e0%b8%b1%e0%b8%99%e0%b9%80%e0%b8%9b%e0%b8%b7%e0%b9%89%e0%b8%ad%e0%b8%99%e0%b8%97%e0%b8%b5%e0%b9%88%e0%b8%99%e0%b8%ad%e0%b8%99/" "Mozilla/5.0 (Windows NT 10.0; Win64; x64) AppleWebKit/537.36 (KHTML, like Gecko) Chrome/111.0.0.0 Safari/537.36"
49.228.251.87 - - [30/Mar/2023:14:04:58 +0000] "GET /wp-content/plugins/woocommerce-all-products-for-subscriptions/assets/js/frontend/single-add-to-cart.js?ver=4.0.4 HTTP/1.1" 200 47536 "http://staging-woo.co/product/2703/welcare-%e0%b8%9c%e0%b9%89%e0%b8%b2%e0%b8%a3%e0%b8%ad%e0%b8%87%e0%b8%81%e0%b8%b1%e0%b8%99%e0%b9%80%e0%b8%9b%e0%b8%b7%e0%b9%89%e0%b8%ad%e0%b8%99%e0%b8%97%e0%b8%b5%e0%b9%88%e0%b8%99%e0%b8%ad%e0%b8%99/" "Mozilla/5.0 (Windows NT 10.0; Win64; x64) AppleWebKit/537.36 (KHTML, like Gecko) Chrome/111.0.0.0 Safari/537.36"
49.228.251.87 - - [30/Mar/2023:14:04:59 +0000] "GET /wp-content/plugins/elementor/assets/lib/dialog/dialog.min.js?ver=4.9.0 HTTP/1.1" 200 10682 "http://staging-woo.co/product/2703/welcare-%e0%b8%9c%e0%b9%89%e0%b8%b2%e0%b8%a3%e0%b8%ad%e0%b8%87%e0%b8%81%e0%b8%b1%e0%b8%99%e0%b9%80%e0%b8%9b%e0%b8%b7%e0%b9%89%e0%b8%ad%e0%b8%99%e0%b8%97%e0%b8%b5%e0%b9%88%e0%b8%99%e0%b8%ad%e0%b8%99/" "Mozilla/5.0 (Windows NT 10.0; Win64; x64) AppleWebKit/537.36 (KHTML, like Gecko) Chrome/111.0.0.0 Safari/537.36"
49.228.251.87 - - [30/Mar/2023:14:04:59 +0000] "GET /wp-content/plugins/elementor/assets/js/lightbox.062e482fd73fca037d19.bundle.min.js HTTP/1.1" 200 28994 "http://staging-woo.co/product/2703/welcare-%e0%b8%9c%e0%b9%89%e0%b8%b2%e0%b8%a3%e0%b8%ad%e0%b8%87%e0%b8%81%e0%b8%b1%e0%b8%99%e0%b9%80%e0%b8%9b%e0%b8%b7%e0%b9%89%e0%b8%ad%e0%b8%99%e0%b8%97%e0%b8%b5%e0%b9%88%e0%b8%99%e0%b8%ad%e0%b8%99/" "Mozilla/5.0 (Windows NT 10.0; Win64; x64) AppleWebKit/537.36 (KHTML, like Gecko) Chrome/111.0.0.0 Safari/537.36"
49.228.251.87 - - [30/Mar/2023:14:04:59 +0000] "GET /wp-content/plugins/elementor/assets/lib/share-link/share-link.min.js?ver=3.10.2 HTTP/1.1" 200 2620 "http://staging-woo.co/product/2703/welcare-%e0%b8%9c%e0%b9%89%e0%b8%b2%e0%b8%a3%e0%b8%ad%e0%b8%87%e0%b8%81%e0%b8%b1%e0%b8%99%e0%b9%80%e0%b8%9b%e0%b8%b7%e0%b9%89%e0%b8%ad%e0%b8%99%e0%b8%97%e0%b8%b5%e0%b9%88%e0%b8%99%e0%b8%ad%e0%b8%99/" "Mozilla/5.0 (Windows NT 10.0; Win64; x64) AppleWebKit/537.36 (KHTML, like Gecko) Chrome/111.0.0.0 Safari/537.36"
49.228.251.87 - - [30/Mar/2023:14:04:59 +0000] "GET /wp-content/plugins/elementor-pro/assets/js/product-add-to-cart.023d7d31fbf96c3dbdfc.bundle.min.js HTTP/1.1" 200 3504 "http://staging-woo.co/product/2703/welcare-%e0%b8%9c%e0%b9%89%e0%b8%b2%e0%b8%a3%e0%b8%ad%e0%b8%87%e0%b8%81%e0%b8%b1%e0%b8%99%e0%b9%80%e0%b8%9b%e0%b8%b7%e0%b9%89%e0%b8%ad%e0%b8%99%e0%b8%97%e0%b8%b5%e0%b9%88%e0%b8%99%e0%b8%ad%e0%b8%99/" "Mozilla/5.0 (Windows NT 10.0; Win64; x64) AppleWebKit/537.36 (KHTML, like Gecko) Chrome/111.0.0.0 Safari/537.36"
49.228.251.87 - - [30/Mar/2023:14:05:04 +0000] "POST /wp-admin/admin-ajax.php HTTP/1.1" 200 4707 "http://staging-woo.co/product/2703/welcare-%e0%b8%9c%e0%b9%89%e0%b8%b2%e0%b8%a3%e0%b8%ad%e0%b8%87%e0%b8%81%e0%b8%b1%e0%b8%99%e0%b9%80%e0%b8%9b%e0%b8%b7%e0%b9%89%e0%b8%ad%e0%b8%99%e0%b8%97%e0%b8%b5%e0%b9%88%e0%b8%99%e0%b8%ad%e0%b8%99/" "Mozilla/5.0 (Windows NT 10.0; Win64; x64) AppleWebKit/537.36 (KHTML, like Gecko) Chrome/111.0.0.0 Safari/537.36"
49.228.251.87 - - [30/Mar/2023:14:05:06 +0000] "GET /th/checkout/ HTTP/1.1" 302 150 "http://staging-woo.co/product/2703/welcare-%e0%b8%9c%e0%b9%89%e0%b8%b2%e0%b8%a3%e0%b8%ad%e0%b8%87%e0%b8%81%e0%b8%b1%e0%b8%99%e0%b9%80%e0%b8%9b%e0%b8%b7%e0%b9%89%e0%b8%ad%e0%b8%99%e0%b8%97%e0%b8%b5%e0%b9%88%e0%b8%99%e0%b8%ad%e0%b8%99/" "Mozilla/5.0 (Windows NT 10.0; Win64; x64) AppleWebKit/537.36 (KHTML, like Gecko) Chrome/111.0.0.0 Safari/537.36"
49.228.251.87 - - [30/Mar/2023:14:05:07 +0000] "GET /my-account/?redirect_to=http://staging-woo.co/th/checkout/ HTTP/1.1" 301 11 "http://staging-woo.co/product/2703/welcare-%e0%b8%9c%e0%b9%89%e0%b8%b2%e0%b8%a3%e0%b8%ad%e0%b8%87%e0%b8%81%e0%b8%b1%e0%b8%99%e0%b9%80%e0%b8%9b%e0%b8%b7%e0%b9%89%e0%b8%ad%e0%b8%99%e0%b8%97%e0%b8%b5%e0%b9%88%e0%b8%99%e0%b8%ad%e0%b8%99/" "Mozilla/5.0 (Windows NT 10.0; Win64; x64) AppleWebKit/537.36 (KHTML, like Gecko) Chrome/111.0.0.0 Safari/537.36"
49.228.251.87 - - [30/Mar/2023:14:05:08 +0000] "GET /th/my-account/?redirect_to=http://staging-woo.co/checkout/ HTTP/1.1" 200 100561 "http://staging-woo.co/product/2703/welcare-%e0%b8%9c%e0%b9%89%e0%b8%b2%e0%b8%a3%e0%b8%ad%e0%b8%87%e0%b8%81%e0%b8%b1%e0%b8%99%e0%b9%80%e0%b8%9b%e0%b8%b7%e0%b9%89%e0%b8%ad%e0%b8%99%e0%b8%97%e0%b8%b5%e0%b9%88%e0%b8%99%e0%b8%ad%e0%b8%99/" "Mozilla/5.0 (Windows NT 10.0; Win64; x64) AppleWebKit/537.36 (KHTML, like Gecko) Chrome/111.0.0.0 Safari/537.36"
49.228.251.87 - - [30/Mar/2023:14:05:09 +0000] "GET /wp-content/plugins/woocommerce-subscriptions/vendor/woocommerce/subscriptions-core/assets/css/view-subscription.css?ver=5.3.1 HTTP/1.1" 200 1488 "http://staging-woo.co/th/my-account/?redirect_to=http://staging-woo.co/checkout/" "Mozilla/5.0 (Windows NT 10.0; Win64; x64) AppleWebKit/537.36 (KHTML, like Gecko) Chrome/111.0.0.0 Safari/537.36"
49.228.122.191 - - [30/Mar/2023:14:05:09 +0000] "POST /wp-admin/admin-ajax.php HTTP/1.1" 200 5 "http://staging-woo.co/wp-admin/post.php?post=3113&action=edit" "Mozilla/5.0 (Windows NT 10.0; Win64; x64) AppleWebKit/537.36 (KHTML, like Gecko) Chrome/111.0.0.0 Safari/537.36"
49.228.122.191 - - [30/Mar/2023:14:05:09 +0000] "POST /wp-admin/admin-ajax.php HTTP/1.1" 200 11 "http://staging-woo.co/wp-admin/admin.php?page=w3tc_dashboard" "Mozilla/5.0 (Windows NT 10.0; Win64; x64) AppleWebKit/537.36 (KHTML, like Gecko) Chrome/111.0.0.0 Safari/537.36"
49.228.122.191 - - [30/Mar/2023:14:05:09 +0000] "POST /wp-admin/admin-ajax.php HTTP/1.1" 200 11 "http://staging-woo.co/wp-admin/upload.php" "Mozilla/5.0 (Windows NT 10.0; Win64; x64) AppleWebKit/537.36 (KHTML, like Gecko) Chrome/111.0.0.0 Safari/537.36"
49.228.122.191 - - [30/Mar/2023:14:05:10 +0000] "POST /wp-admin/admin-ajax.php HTTP/1.1" 200 11 "http://staging-woo.co/wp-admin/" "Mozilla/5.0 (Windows NT 10.0; Win64; x64) AppleWebKit/537.36 (KHTML, like Gecko) Chrome/111.0.0.0 Safari/537.36"
49.228.251.87 - - [30/Mar/2023:14:05:10 +0000] "POST /?wc-ajax=get_refreshed_fragments&elementor_page_id=9 HTTP/1.1" 200 4967 "http://staging-woo.co/th/my-account/?redirect_to=http://staging-woo.co/checkout/" "Mozilla/5.0 (Windows NT 10.0; Win64; x64) AppleWebKit/537.36 (KHTML, like Gecko) Chrome/111.0.0.0 Safari/537.36"
49.228.122.191 - - [30/Mar/2023:14:05:10 +0000] "POST /wp-admin/admin-ajax.php HTTP/1.1" 200 11 "http://staging-woo.co/wp-admin/edit.php?post_type=page" "Mozilla/5.0 (Windows NT 10.0; Win64; x64) AppleWebKit/537.36 (KHTML, like Gecko) Chrome/111.0.0.0 Safari/537.36"
49.228.251.87 - - [30/Mar/2023:14:05:19 +0000] "POST /th/my-account/?redirect_to=http://staging-woo.co/checkout/ HTTP/1.1" 302 5 "http://staging-woo.co/th/my-account/?redirect_to=http://staging-woo.co/checkout/" "Mozilla/5.0 (Windows NT 10.0; Win64; x64) AppleWebKit/537.36 (KHTML, like Gecko) Chrome/111.0.0.0 Safari/537.36"
49.228.122.191 - - [30/Mar/2023:14:05:19 +0000] "POST /wp-admin/admin-ajax.php HTTP/1.1" 200 58 "http://staging-woo.co/wp-admin/admin.php?page=w3tc_dashboard" "Mozilla/5.0 (Windows NT 10.0; Win64; x64) AppleWebKit/537.36 (KHTML, like Gecko) Chrome/111.0.0.0 Safari/537.36"
49.228.122.191 - - [30/Mar/2023:14:05:20 +0000] "POST /wp-admin/admin-ajax.php HTTP/1.1" 200 58 "http://staging-woo.co/wp-admin/upload.php" "Mozilla/5.0 (Windows NT 10.0; Win64; x64) AppleWebKit/537.36 (KHTML, like Gecko) Chrome/111.0.0.0 Safari/537.36"
49.228.122.191 - - [30/Mar/2023:14:05:20 +0000] "POST /wp-admin/admin-ajax.php HTTP/1.1" 200 58 "http://staging-woo.co/wp-admin/upload.php?mode=list&attachment-filter&m=0&cloud_status=Any+Cloud+Status&detected_faces=Any+Faces&cloud_privacy=Any+Privacy&fbv=-1&filter_action=Filter&s&action=-1&paged=1&action2=-1&affected&_ajax_nonce=515ad88dfd&ps" "Mozilla/5.0 (Windows NT 10.0; Win64; x64) AppleWebKit/537.36 (KHTML, like Gecko) Chrome/111.0.0.0 Safari/537.36"
49.228.251.87 - - [30/Mar/2023:14:05:20 +0000] "GET /checkout/ HTTP/1.1" 301 11 "http://staging-woo.co/th/my-account/?redirect_to=http://staging-woo.co/checkout/" "Mozilla/5.0 (Windows NT 10.0; Win64; x64) AppleWebKit/537.36 (KHTML, like Gecko) Chrome/111.0.0.0 Safari/537.36"
49.228.251.87 - - [30/Mar/2023:14:05:23 +0000] "GET /th/checkout/ HTTP/1.1" 200 221403 "http://staging-woo.co/th/my-account/?redirect_to=http://staging-woo.co/checkout/" "Mozilla/5.0 (Windows NT 10.0; Win64; x64) AppleWebKit/537.36 (KHTML, like Gecko) Chrome/111.0.0.0 Safari/537.36"
49.228.122.191 - - [30/Mar/2023:14:05:24 +0000] "POST /wp-admin/admin-ajax.php HTTP/1.1" 200 11 "http://staging-woo.co/wp-admin/upload.php" "Mozilla/5.0 (Windows NT 10.0; Win64; x64) AppleWebKit/537.36 (KHTML, like Gecko) Chrome/111.0.0.0 Safari/537.36"
49.228.251.87 - - [30/Mar/2023:14:05:24 +0000] "POST /?wc-ajax=update_order_review&elementor_page_id=8 HTTP/1.1" 200 9987 "http://staging-woo.co/th/checkout/" "Mozilla/5.0 (Windows NT 10.0; Win64; x64) AppleWebKit/537.36 (KHTML, like Gecko) Chrome/111.0.0.0 Safari/537.36"
49.228.122.191 - - [30/Mar/2023:14:05:24 +0000] "POST /wp-admin/admin-ajax.php HTTP/1.1" 200 5 "http://staging-woo.co/wp-admin/post.php?post=3113&action=edit" "Mozilla/5.0 (Windows NT 10.0; Win64; x64) AppleWebKit/537.36 (KHTML, like Gecko) Chrome/111.0.0.0 Safari/537.36"
49.228.251.87 - - [30/Mar/2023:14:05:35 +0000] "POST /?wc-ajax=checkout&elementor_page_id=8 HTTP/1.1" 200 150 "http://staging-woo.co/th/checkout/" "Mozilla/5.0 (Windows NT 10.0; Win64; x64) AppleWebKit/537.36 (KHTML, like Gecko) Chrome/111.0.0.0 Safari/537.36"
49.228.251.87 - - [30/Mar/2023:14:05:37 +0000] "GET /th/checkout/order-received/3118/?key=wc_order_Qfb2ZXVoq5X1Z HTTP/1.1" 200 172711 "http://staging-woo.co/th/checkout/" "Mozilla/5.0 (Windows NT 10.0; Win64; x64) AppleWebKit/537.36 (KHTML, like Gecko) Chrome/111.0.0.0 Safari/537.36"
49.228.251.87 - - [30/Mar/2023:14:05:38 +0000] "POST /?wc-ajax=get_refreshed_fragments&elementor_page_id=8 HTTP/1.1" 200 1756 "http://staging-woo.co/th/checkout/order-received/3118/?key=wc_order_Qfb2ZXVoq5X1Z" "Mozilla/5.0 (Windows NT 10.0; Win64; x64) AppleWebKit/537.36 (KHTML, like Gecko) Chrome/111.0.0.0 Safari/537.36"
49.228.122.191 - - [30/Mar/2023:14:05:40 +0000] "POST /wp-admin/admin-ajax.php HTTP/1.1" 200 11 "http://staging-woo.co/wp-admin/upload.php" "Mozilla/5.0 (Windows NT 10.0; Win64; x64) AppleWebKit/537.36 (KHTML, like Gecko) Chrome/111.0.0.0 Safari/537.36"
49.228.122.191 - - [30/Mar/2023:14:05:41 +0000] "POST /wp-admin/admin-ajax.php HTTP/1.1" 200 5 "http://staging-woo.co/wp-admin/post.php?post=3113&action=edit" "Mozilla/5.0 (Windows NT 10.0; Win64; x64) AppleWebKit/537.36 (KHTML, like Gecko) Chrome/111.0.0.0 Safari/537.36"
49.228.251.87 - - [30/Mar/2023:14:05:47 +0000] "GET /th/best-seller/ HTTP/1.1" 200 123317 "http://staging-woo.co/th/checkout/order-received/3118/?key=wc_order_Qfb2ZXVoq5X1Z" "Mozilla/5.0 (Windows NT 10.0; Win64; x64) AppleWebKit/537.36 (KHTML, like Gecko) Chrome/111.0.0.0 Safari/537.36"
49.228.122.191 - - [30/Mar/2023:14:05:56 +0000] "POST /wp-admin/admin-ajax.php HTTP/1.1" 200 11 "http://staging-woo.co/wp-admin/upload.php" "Mozilla/5.0 (Windows NT 10.0; Win64; x64) AppleWebKit/537.36 (KHTML, like Gecko) Chrome/111.0.0.0 Safari/537.36"
49.228.122.191 - - [30/Mar/2023:14:05:56 +0000] "POST /wp-admin/admin-ajax.php HTTP/1.1" 200 5 "http://staging-woo.co/wp-admin/post.php?post=3113&action=edit" "Mozilla/5.0 (Windows NT 10.0; Win64; x64) AppleWebKit/537.36 (KHTML, like Gecko) Chrome/111.0.0.0 Safari/537.36"
49.228.122.191 - - [30/Mar/2023:14:06:04 +0000] "POST /wp-admin/admin-ajax.php HTTP/1.1" 200 58 "http://staging-woo.co/wp-admin/edit.php?post_type=page" "Mozilla/5.0 (Windows NT 10.0; Win64; x64) AppleWebKit/537.36 (KHTML, like Gecko) Chrome/111.0.0.0 Safari/537.36"
49.228.251.87 - - [30/Mar/2023:14:06:09 +0000] "GET /th/best-seller/ HTTP/1.1" 200 123341 "http://staging-woo.co/th/best-seller/" "Mozilla/5.0 (Windows NT 10.0; Win64; x64) AppleWebKit/537.36 (KHTML, like Gecko) Chrome/111.0.0.0 Safari/537.36"
49.228.122.191 - - [30/Mar/2023:14:06:11 +0000] "POST /wp-admin/admin-ajax.php HTTP/1.1" 200 11 "http://staging-woo.co/wp-admin/upload.php" "Mozilla/5.0 (Windows NT 10.0; Win64; x64) AppleWebKit/537.36 (KHTML, like Gecko) Chrome/111.0.0.0 Safari/537.36"
49.228.122.191 - - [30/Mar/2023:14:06:15 +0000] "GET /product/2574/welcare-mask-level-2-medical-series-%e0%b8%ab%e0%b8%99%e0%b9%89%e0%b8%b2%e0%b8%81%e0%b8%b2%e0%b8%81%e0%b8%ad%e0%b8%99%e0%b8%b2%e0%b8%a1%e0%b8%b1%e0%b8%a2%e0%b8%97%e0%b8%b2%e0%b8%87%e0%b8%81%e0%b8%b2/ HTTP/1.1" 200 3688557 "http://staging-woo.co/product-category/mask/" "Mozilla/5.0 (Windows NT 10.0; Win64; x64) AppleWebKit/537.36 (KHTML, like Gecko) Chrome/111.0.0.0 Safari/537.36"
49.228.122.191 - - [30/Mar/2023:14:06:18 +0000] "GET /wp-content/plugins/woocommerce/assets/js/frontend/cart.min.js?ver=7.3.0 HTTP/1.1" 304 0 "http://staging-woo.co/th/cart/" "Mozilla/5.0 (Windows NT 10.0; Win64; x64) AppleWebKit/537.36 (KHTML, like Gecko) Chrome/111.0.0.0 Safari/537.36"
49.228.122.191 - - [30/Mar/2023:14:06:18 +0000] "GET /wp-content/plugins/woocommerce-all-products-for-subscriptions/assets/js/frontend/cart.js?ver=4.0.4 HTTP/1.1" 304 0 "http://staging-woo.co/th/cart/" "Mozilla/5.0 (Windows NT 10.0; Win64; x64) AppleWebKit/537.36 (KHTML, like Gecko) Chrome/111.0.0.0 Safari/537.36"
49.228.122.191 - - [30/Mar/2023:14:06:18 +0000] "GET /wp-content/themes/flatsome/inc/extensions/flatsome-cart-refresh/flatsome-cart-refresh.js?ver=3.16.5 HTTP/1.1" 304 0 "http://staging-woo.co/th/cart/" "Mozilla/5.0 (Windows NT 10.0; Win64; x64) AppleWebKit/537.36 (KHTML, like Gecko) Chrome/111.0.0.0 Safari/537.36"
49.228.122.191 - - [30/Mar/2023:14:06:18 +0000] "GET /th/cart/ HTTP/1.1" 200 2823777 "http://staging-woo.co/product/2574/welcare-mask-level-2-medical-series-%e0%b8%ab%e0%b8%99%e0%b9%89%e0%b8%b2%e0%b8%81%e0%b8%b2%e0%b8%81%e0%b8%ad%e0%b8%99%e0%b8%b2%e0%b8%a1%e0%b8%b1%e0%b8%a2%e0%b8%97%e0%b8%b2%e0%b8%87%e0%b8%81%e0%b8%b2/" "Mozilla/5.0 (Windows NT 10.0; Win64; x64) AppleWebKit/537.36 (KHTML, like Gecko) Chrome/111.0.0.0 Safari/537.36"
49.228.122.191 - - [30/Mar/2023:14:06:18 +0000] "GET /favicon.ico HTTP/1.1" 302 11 "http://staging-woo.co/product/2574/welcare-mask-level-2-medical-series-%e0%b8%ab%e0%b8%99%e0%b9%89%e0%b8%b2%e0%b8%81%e0%b8%b2%e0%b8%81%e0%b8%ad%e0%b8%99%e0%b8%b2%e0%b8%a1%e0%b8%b1%e0%b8%a2%e0%b8%97%e0%b8%b2%e0%b8%87%e0%b8%81%e0%b8%b2/" "Mozilla/5.0 (Windows NT 10.0; Win64; x64) AppleWebKit/537.36 (KHTML, like Gecko) Chrome/111.0.0.0 Safari/537.36"
49.228.122.191 - - [30/Mar/2023:14:06:18 +0000] "POST /wp-admin/admin-ajax.php HTTP/1.1" 200 5 "http://staging-woo.co/wp-admin/post.php?post=3113&action=edit" "Mozilla/5.0 (Windows NT 10.0; Win64; x64) AppleWebKit/537.36 (KHTML, like Gecko) Chrome/111.0.0.0 Safari/537.36"
49.228.122.191 - - [30/Mar/2023:14:06:19 +0000] "GET /favicon.ico HTTP/1.1" 302 11 "http://staging-woo.co/th/cart/" "Mozilla/5.0 (Windows NT 10.0; Win64; x64) AppleWebKit/537.36 (KHTML, like Gecko) Chrome/111.0.0.0 Safari/537.36"
49.228.122.191 - - [30/Mar/2023:14:06:19 +0000] "GET /wp-includes/images/w-logo-blue-white-bg.png HTTP/1.1" 304 0 "http://staging-woo.co/th/cart/" "Mozilla/5.0 (Windows NT 10.0; Win64; x64) AppleWebKit/537.36 (KHTML, like Gecko) Chrome/111.0.0.0 Safari/537.36"
49.228.122.191 - - [30/Mar/2023:14:06:20 +0000] "POST /wp-admin/admin-ajax.php HTTP/1.1" 200 58 "http://staging-woo.co/wp-admin/admin.php?page=w3tc_dashboard" "Mozilla/5.0 (Windows NT 10.0; Win64; x64) AppleWebKit/537.36 (KHTML, like Gecko) Chrome/111.0.0.0 Safari/537.36"
49.228.122.191 - - [30/Mar/2023:14:06:20 +0000] "POST /wp-admin/admin-ajax.php HTTP/1.1" 200 58 "http://staging-woo.co/wp-admin/upload.php" "Mozilla/5.0 (Windows NT 10.0; Win64; x64) AppleWebKit/537.36 (KHTML, like Gecko) Chrome/111.0.0.0 Safari/537.36"
49.228.122.191 - - [30/Mar/2023:14:06:20 +0000] "POST /wp-admin/admin-ajax.php HTTP/1.1" 200 58 "http://staging-woo.co/wp-admin/upload.php?mode=list&attachment-filter&m=0&cloud_status=Any+Cloud+Status&detected_faces=Any+Faces&cloud_privacy=Any+Privacy&fbv=-1&filter_action=Filter&s&action=-1&paged=1&action2=-1&affected&_ajax_nonce=515ad88dfd&ps" "Mozilla/5.0 (Windows NT 10.0; Win64; x64) AppleWebKit/537.36 (KHTML, like Gecko) Chrome/111.0.0.0 Safari/537.36"
49.228.122.191 - - [30/Mar/2023:14:06:21 +0000] "GET /wp-content/plugins/woocommerce-subscriptions/vendor/woocommerce/subscriptions-core/assets/css/view-subscription.css?ver=5.3.1 HTTP/1.1" 304 0 "http://staging-woo.co/th/my-account/" "Mozilla/5.0 (Windows NT 10.0; Win64; x64) AppleWebKit/537.36 (KHTML, like Gecko) Chrome/111.0.0.0 Safari/537.36"
49.228.122.191 - - [30/Mar/2023:14:06:21 +0000] "GET /th/my-account/ HTTP/1.1" 200 2701808 "http://staging-woo.co/th/cart/" "Mozilla/5.0 (Windows NT 10.0; Win64; x64) AppleWebKit/537.36 (KHTML, like Gecko) Chrome/111.0.0.0 Safari/537.36"
49.228.122.191 - - [30/Mar/2023:14:06:27 +0000] "POST /wp-admin/admin-ajax.php HTTP/1.1" 200 11 "http://staging-woo.co/wp-admin/upload.php" "Mozilla/5.0 (Windows NT 10.0; Win64; x64) AppleWebKit/537.36 (KHTML, like Gecko) Chrome/111.0.0.0 Safari/537.36"
49.228.122.191 - - [30/Mar/2023:14:06:29 +0000] "GET /th/bedding/ HTTP/1.1" 200 2844464 "http://staging-woo.co/th/my-account/" "Mozilla/5.0 (Windows NT 10.0; Win64; x64) AppleWebKit/537.36 (KHTML, like Gecko) Chrome/111.0.0.0 Safari/537.36"
49.228.251.87 - - [30/Mar/2023:14:06:29 +0000] "GET /th/best-seller/ HTTP/1.1" 200 123317 "http://staging-woo.co/th/best-seller/" "Mozilla/5.0 (Windows NT 10.0; Win64; x64) AppleWebKit/537.36 (KHTML, like Gecko) Chrome/111.0.0.0 Safari/537.36"
49.228.251.87 - - [30/Mar/2023:14:06:36 +0000] "GET /th/pillow/ HTTP/1.1" 200 124059 "http://staging-woo.co/th/best-seller/" "Mozilla/5.0 (Windows NT 10.0; Win64; x64) AppleWebKit/537.36 (KHTML, like Gecko) Chrome/111.0.0.0 Safari/537.36"
49.228.251.87 - - [30/Mar/2023:14:06:39 +0000] "GET /th/bedding/ HTTP/1.1" 200 113228 "http://staging-woo.co/th/pillow/" "Mozilla/5.0 (Windows NT 10.0; Win64; x64) AppleWebKit/537.36 (KHTML, like Gecko) Chrome/111.0.0.0 Safari/537.36"
49.228.122.191 - - [30/Mar/2023:14:06:40 +0000] "GET /product/2664/welcare-%e0%b8%9c%e0%b9%89%e0%b8%b2%e0%b8%99%e0%b8%a7%e0%b8%a1-cool-touch/ HTTP/1.1" 200 3715896 "http://staging-woo.co/th/bedding/" "Mozilla/5.0 (Windows NT 10.0; Win64; x64) AppleWebKit/537.36 (KHTML, like Gecko) Chrome/111.0.0.0 Safari/537.36"
49.228.251.87 - - [30/Mar/2023:14:06:41 +0000] "GET /th/support/ HTTP/1.1" 200 127239 "http://staging-woo.co/th/bedding/" "Mozilla/5.0 (Windows NT 10.0; Win64; x64) AppleWebKit/537.36 (KHTML, like Gecko) Chrome/111.0.0.0 Safari/537.36"
49.228.122.191 - - [30/Mar/2023:14:06:43 +0000] "POST /wp-admin/admin-ajax.php HTTP/1.1" 200 5 "http://staging-woo.co/wp-admin/upload.php" "Mozilla/5.0 (Windows NT 10.0; Win64; x64) AppleWebKit/537.36 (KHTML, like Gecko) Chrome/111.0.0.0 Safari/537.36"
49.228.251.87 - - [30/Mar/2023:14:06:44 +0000] "GET /th/sleeping-equipment/ HTTP/1.1" 200 118092 "http://staging-woo.co/th/support/" "Mozilla/5.0 (Windows NT 10.0; Win64; x64) AppleWebKit/537.36 (KHTML, like Gecko) Chrome/111.0.0.0 Safari/537.36"
49.228.122.191 - - [30/Mar/2023:14:06:47 +0000] "POST /wp-admin/admin-ajax.php HTTP/1.1" 200 59589 "http://staging-woo.co/product/2664/welcare-%e0%b8%9c%e0%b9%89%e0%b8%b2%e0%b8%99%e0%b8%a7%e0%b8%a1-cool-touch/" "Mozilla/5.0 (Windows NT 10.0; Win64; x64) AppleWebKit/537.36 (KHTML, like Gecko) Chrome/111.0.0.0 Safari/537.36"
49.228.251.87 - - [30/Mar/2023:14:06:49 +0000] "GET /th/mask/ HTTP/1.1" 200 113656 "http://staging-woo.co/th/sleeping-equipment/" "Mozilla/5.0 (Windows NT 10.0; Win64; x64) AppleWebKit/537.36 (KHTML, like Gecko) Chrome/111.0.0.0 Safari/537.36"
49.228.122.191 - - [30/Mar/2023:14:06:49 +0000] "GET /th/checkout/ HTTP/1.1" 200 3043031 "http://staging-woo.co/product/2664/welcare-%e0%b8%9c%e0%b9%89%e0%b8%b2%e0%b8%99%e0%b8%a7%e0%b8%a1-cool-touch/" "Mozilla/5.0 (Windows NT 10.0; Win64; x64) AppleWebKit/537.36 (KHTML, like Gecko) Chrome/111.0.0.0 Safari/537.36"
49.228.122.191 - - [30/Mar/2023:14:06:50 +0000] "POST /wp-admin/admin-ajax.php HTTP/1.1" 200 11 "http://staging-woo.co/wp-admin/" "Mozilla/5.0 (Windows NT 10.0; Win64; x64) AppleWebKit/537.36 (KHTML, like Gecko) Chrome/111.0.0.0 Safari/537.36"
49.228.122.191 - - [30/Mar/2023:14:06:51 +0000] "POST /?wc-ajax=get_refreshed_fragments&elementor_page_id=8 HTTP/1.1" 200 4842 "http://staging-woo.co/th/checkout/" "Mozilla/5.0 (Windows NT 10.0; Win64; x64) AppleWebKit/537.36 (KHTML, like Gecko) Chrome/111.0.0.0 Safari/537.36"
49.228.251.87 - - [30/Mar/2023:14:06:51 +0000] "GET /th/pillow/ HTTP/1.1" 200 124065 "http://staging-woo.co/th/mask/" "Mozilla/5.0 (Windows NT 10.0; Win64; x64) AppleWebKit/537.36 (KHTML, like Gecko) Chrome/111.0.0.0 Safari/537.36"
49.228.122.191 - - [30/Mar/2023:14:06:52 +0000] "POST /?wc-ajax=update_order_review&elementor_page_id=8 HTTP/1.1" 200 9868 "http://staging-woo.co/th/checkout/" "Mozilla/5.0 (Windows NT 10.0; Win64; x64) AppleWebKit/537.36 (KHTML, like Gecko) Chrome/111.0.0.0 Safari/537.36"
49.228.122.191 - - [30/Mar/2023:14:06:52 +0000] "POST /?wc-ajax=get_refreshed_fragments&elementor_page_id=6 HTTP/1.1" 200 4842 "http://staging-woo.co/th/shop/" "Mozilla/5.0 (Windows NT 10.0; Win64; x64) AppleWebKit/537.36 (KHTML, like Gecko) Chrome/111.0.0.0 Safari/537.36"
49.228.122.191 - - [30/Mar/2023:14:06:53 +0000] "POST /?wc-ajax=get_refreshed_fragments&elementor_page_id=2664 HTTP/1.1" 200 4842 "http://staging-woo.co/product/2664/welcare-%e0%b8%9c%e0%b9%89%e0%b8%b2%e0%b8%99%e0%b8%a7%e0%b8%a1-cool-touch/" "Mozilla/5.0 (Windows NT 10.0; Win64; x64) AppleWebKit/537.36 (KHTML, like Gecko) Chrome/111.0.0.0 Safari/537.36"
49.228.251.87 - - [30/Mar/2023:14:06:58 +0000] "GET /th/bedding/ HTTP/1.1" 200 113220 "http://staging-woo.co/th/pillow/" "Mozilla/5.0 (Windows NT 10.0; Win64; x64) AppleWebKit/537.36 (KHTML, like Gecko) Chrome/111.0.0.0 Safari/537.36"
49.228.251.87 - - [30/Mar/2023:14:07:01 +0000] "GET /th/support/ HTTP/1.1" 200 127249 "http://staging-woo.co/th/bedding/" "Mozilla/5.0 (Windows NT 10.0; Win64; x64) AppleWebKit/537.36 (KHTML, like Gecko) Chrome/111.0.0.0 Safari/537.36"
49.228.122.191 - - [30/Mar/2023:14:07:01 +0000] "POST /?wc-ajax=checkout&elementor_page_id=8 HTTP/1.1" 200 150 "http://staging-woo.co/th/checkout/" "Mozilla/5.0 (Windows NT 10.0; Win64; x64) AppleWebKit/537.36 (KHTML, like Gecko) Chrome/111.0.0.0 Safari/537.36"
49.228.122.191 - - [30/Mar/2023:14:07:01 +0000] "POST /wp-admin/admin-ajax.php HTTP/1.1" 200 5 "http://staging-woo.co/wp-admin/upload.php" "Mozilla/5.0 (Windows NT 10.0; Win64; x64) AppleWebKit/537.36 (KHTML, like Gecko) Chrome/111.0.0.0 Safari/537.36"
49.228.122.191 - - [30/Mar/2023:14:07:03 +0000] "GET /th/checkout/order-received/3119/?key=wc_order_Czne0rjREDwG5 HTTP/1.1" 200 2949934 "http://staging-woo.co/th/checkout/" "Mozilla/5.0 (Windows NT 10.0; Win64; x64) AppleWebKit/537.36 (KHTML, like Gecko) Chrome/111.0.0.0 Safari/537.36"
49.228.251.87 - - [30/Mar/2023:14:07:03 +0000] "GET /th/sleeping-equipment/ HTTP/1.1" 200 118088 "http://staging-woo.co/th/support/" "Mozilla/5.0 (Windows NT 10.0; Win64; x64) AppleWebKit/537.36 (KHTML, like Gecko) Chrome/111.0.0.0 Safari/537.36"
49.228.122.191 - - [30/Mar/2023:14:07:06 +0000] "POST /wp-admin/admin-ajax.php HTTP/1.1" 200 11 "http://staging-woo.co/wp-admin/" "Mozilla/5.0 (Windows NT 10.0; Win64; x64) AppleWebKit/537.36 (KHTML, like Gecko) Chrome/111.0.0.0 Safari/537.36"
49.228.122.191 - - [30/Mar/2023:14:07:09 +0000] "POST /wp-admin/admin-ajax.php HTTP/1.1" 200 58 "http://staging-woo.co/wp-admin/edit.php?post_type=page" "Mozilla/5.0 (Windows NT 10.0; Win64; x64) AppleWebKit/537.36 (KHTML, like Gecko) Chrome/111.0.0.0 Safari/537.36"
49.228.122.191 - - [30/Mar/2023:14:07:15 +0000] "POST /wp-admin/admin-ajax.php HTTP/1.1" 200 11 "http://staging-woo.co/wp-admin/upload.php" "Mozilla/5.0 (Windows NT 10.0; Win64; x64) AppleWebKit/537.36 (KHTML, like Gecko) Chrome/111.0.0.0 Safari/537.36"
49.228.122.191 - - [30/Mar/2023:14:07:21 +0000] "POST /wp-admin/admin-ajax.php HTTP/1.1" 200 5 "http://staging-woo.co/wp-admin/" "Mozilla/5.0 (Windows NT 10.0; Win64; x64) AppleWebKit/537.36 (KHTML, like Gecko) Chrome/111.0.0.0 Safari/537.36"
49.228.251.87 - - [30/Mar/2023:14:07:24 +0000] "GET /product/2703/welcare-%e0%b8%9c%e0%b9%89%e0%b8%b2%e0%b8%a3%e0%b8%ad%e0%b8%87%e0%b8%81%e0%b8%b1%e0%b8%99%e0%b9%80%e0%b8%9b%e0%b8%b7%e0%b9%89%e0%b8%ad%e0%b8%99%e0%b8%97%e0%b8%b5%e0%b9%88%e0%b8%99%e0%b8%ad%e0%b8%99/ HTTP/1.1" 200 262907 "http://staging-woo.co/th/sleeping-equipment/" "Mozilla/5.0 (Windows NT 10.0; Win64; x64) AppleWebKit/537.36 (KHTML, like Gecko) Chrome/111.0.0.0 Safari/537.36"
49.228.251.87 - - [30/Mar/2023:14:07:24 +0000] "GET /wp-content/plugins/wt-woocommerce-wishlist/public/images/unfavourite.svg HTTP/1.1" 200 1648 "http://staging-woo.co/product/2703/welcare-%e0%b8%9c%e0%b9%89%e0%b8%b2%e0%b8%a3%e0%b8%ad%e0%b8%87%e0%b8%81%e0%b8%b1%e0%b8%99%e0%b9%80%e0%b8%9b%e0%b8%b7%e0%b9%89%e0%b8%ad%e0%b8%99%e0%b8%97%e0%b8%b5%e0%b9%88%e0%b8%99%e0%b8%ad%e0%b8%99/" "Mozilla/5.0 (Windows NT 10.0; Win64; x64) AppleWebKit/537.36 (KHTML, like Gecko) Chrome/111.0.0.0 Safari/537.36"
49.228.122.191 - - [30/Mar/2023:14:07:31 +0000] "POST /wp-admin/admin-ajax.php HTTP/1.1" 200 58 "http://staging-woo.co/wp-admin/upload.php" "Mozilla/5.0 (Windows NT 10.0; Win64; x64) AppleWebKit/537.36 (KHTML, like Gecko) Chrome/111.0.0.0 Safari/537.36"
49.228.122.191 - - [30/Mar/2023:14:07:32 +0000] "POST /wp-admin/admin-ajax.php HTTP/1.1" 200 58 "http://staging-woo.co/wp-admin/upload.php?mode=list&attachment-filter&m=0&cloud_status=Any+Cloud+Status&detected_faces=Any+Faces&cloud_privacy=Any+Privacy&fbv=-1&filter_action=Filter&s&action=-1&paged=1&action2=-1&affected&_ajax_nonce=515ad88dfd&ps" "Mozilla/5.0 (Windows NT 10.0; Win64; x64) AppleWebKit/537.36 (KHTML, like Gecko) Chrome/111.0.0.0 Safari/537.36"
49.228.122.191 - - [30/Mar/2023:14:07:32 +0000] "POST /wp-admin/admin-ajax.php HTTP/1.1" 200 58 "http://staging-woo.co/wp-admin/admin.php?page=w3tc_dashboard" "Mozilla/5.0 (Windows NT 10.0; Win64; x64) AppleWebKit/537.36 (KHTML, like Gecko) Chrome/111.0.0.0 Safari/537.36"
49.228.122.191 - - [30/Mar/2023:14:07:32 +0000] "POST /wp-admin/admin-ajax.php HTTP/1.1" 200 11 "http://staging-woo.co/wp-admin/upload.php" "Mozilla/5.0 (Windows NT 10.0; Win64; x64) AppleWebKit/537.36 (KHTML, like Gecko) Chrome/111.0.0.0 Safari/537.36"
49.228.122.191 - - [30/Mar/2023:14:07:37 +0000] "POST /wp-admin/admin-ajax.php HTTP/1.1" 200 5 "http://staging-woo.co/wp-admin/" "Mozilla/5.0 (Windows NT 10.0; Win64; x64) AppleWebKit/537.36 (KHTML, like Gecko) Chrome/111.0.0.0 Safari/537.36"
49.228.122.191 - - [30/Mar/2023:14:07:43 +0000] "GET /th/checkout/order-received/3119/?key=wc_order_Czne0rjREDwG5 HTTP/1.1" 200 3091248 "http://staging-woo.co/th/checkout/" "Mozilla/5.0 (Windows NT 10.0; Win64; x64) AppleWebKit/537.36 (KHTML, like Gecko) Chrome/111.0.0.0 Safari/537.36"
49.228.122.191 - - [30/Mar/2023:14:07:45 +0000] "POST /?wc-ajax=get_refreshed_fragments&elementor_page_id=8 HTTP/1.1" 200 1756 "http://staging-woo.co/th/checkout/order-received/3119/?key=wc_order_Czne0rjREDwG5" "Mozilla/5.0 (Windows NT 10.0; Win64; x64) AppleWebKit/537.36 (KHTML, like Gecko) Chrome/111.0.0.0 Safari/537.36"
49.228.122.191 - - [30/Mar/2023:14:07:45 +0000] "GET /favicon.ico HTTP/1.1" 302 11 "http://staging-woo.co/th/checkout/order-received/3119/?key=wc_order_Czne0rjREDwG5" "Mozilla/5.0 (Windows NT 10.0; Win64; x64) AppleWebKit/537.36 (KHTML, like Gecko) Chrome/111.0.0.0 Safari/537.36"
49.228.122.191 - - [30/Mar/2023:14:07:46 +0000] "POST /?wc-ajax=get_refreshed_fragments&elementor_page_id=2664 HTTP/1.1" 200 1756 "http://staging-woo.co/product/2664/welcare-%e0%b8%9c%e0%b9%89%e0%b8%b2%e0%b8%99%e0%b8%a7%e0%b8%a1-cool-touch/" "Mozilla/5.0 (Windows NT 10.0; Win64; x64) AppleWebKit/537.36 (KHTML, like Gecko) Chrome/111.0.0.0 Safari/537.36"
49.228.122.191 - - [30/Mar/2023:14:07:46 +0000] "POST /?wc-ajax=get_refreshed_fragments&elementor_page_id=6 HTTP/1.1" 200 1756 "http://staging-woo.co/th/shop/" "Mozilla/5.0 (Windows NT 10.0; Win64; x64) AppleWebKit/537.36 (KHTML, like Gecko) Chrome/111.0.0.0 Safari/537.36"
49.228.122.191 - - [30/Mar/2023:14:07:46 +0000] "POST /wp-admin/admin-ajax.php HTTP/1.1" 200 11 "http://staging-woo.co/wp-admin/upload.php" "Mozilla/5.0 (Windows NT 10.0; Win64; x64) AppleWebKit/537.36 (KHTML, like Gecko) Chrome/111.0.0.0 Safari/537.36"
49.228.122.191 - - [30/Mar/2023:14:08:02 +0000] "POST /wp-admin/admin-ajax.php HTTP/1.1" 200 5 "http://staging-woo.co/wp-admin/upload.php" "Mozilla/5.0 (Windows NT 10.0; Win64; x64) AppleWebKit/537.36 (KHTML, like Gecko) Chrome/111.0.0.0 Safari/537.36"
49.228.122.191 - - [30/Mar/2023:14:08:08 +0000] "POST /wp-admin/admin-ajax.php HTTP/1.1" 200 11 "http://staging-woo.co/wp-admin/post.php?post=3113&action=edit" "Mozilla/5.0 (Windows NT 10.0; Win64; x64) AppleWebKit/537.36 (KHTML, like Gecko) Chrome/111.0.0.0 Safari/537.36"
